// Jest Snapshot v1, https://goo.gl/fbAQLP

exports[`should match snapshot 1`] = `
<div>
  <div>
    <a
      href="/comics/1234"
    >
      <h3>
        Captain Marvel
      </h3>
    </a>
    <p>
      ...
    </p>
    <img
      alt="..."
      src="image.jpg"
    />
    <hr />
  </div>
</div>
`;
