// Jest Snapshot v1, https://goo.gl/fbAQLP

exports[`should match snapshot 1`] = `
<div>
  <div>
    <h3>
      Captain Marvel
    </h3>
    <p>
      ...
    </p>
    <img
      alt="..."
      src="image.jpg"
    />
    <hr />
  </div>
</div>
`;
